// Jest Snapshot v1, https://goo.gl/fbAQLP

exports[`renders Header correctly 1`] = `
<header
  className="header-container"
>
  <div
    className="heading"
  >
    GITHUB PROJECTS
  </div>
  <div
    className="searchBar-layout-container"
  >
    <div
      className="searchbar-container"
    >
      <input
        onChange={[Function]}
        placeholder="Type to search..."
        value=""
      />
      <svg
        className="search-icon"
        fill="currentColor"
        height="1em"
        stroke="currentColor"
        strokeWidth="0"
        style={
          Object {
            "color": undefined,
          }
        }
        viewBox="0 0 16 16"
        width="1em"
        xmlns="http://www.w3.org/2000/svg"
      >
        <path
          d="M11.742 10.344a6.5 6.5 0 1 0-1.397 1.398h-.001q.044.06.098.115l3.85 3.85a1 1 0 0 0 1.415-1.414l-3.85-3.85a1 1 0 0 0-.115-.1zM12 6.5a5.5 5.5 0 1 1-11 0 5.5 5.5 0 0 1 11 0"
        />
      </svg>
    </div>
  </div>
</header>
`;

exports[`renders correctly 1`] = `
<header
  className="header-container"
>
  <div
    className="heading"
  >
    GITHUB PROJECTS
  </div>
  <div
    className="searchBar-layout-container"
  >
    <div
      className="searchbar-container"
    >
      <input
        onChange={[Function]}
        placeholder="Type to search..."
        value=""
      />
      <svg
        className="search-icon"
        fill="currentColor"
        height="1em"
        stroke="currentColor"
        strokeWidth="0"
        style={
          Object {
            "color": undefined,
          }
        }
        viewBox="0 0 16 16"
        width="1em"
        xmlns="http://www.w3.org/2000/svg"
      >
        <path
          d="M11.742 10.344a6.5 6.5 0 1 0-1.397 1.398h-.001q.044.06.098.115l3.85 3.85a1 1 0 0 0 1.415-1.414l-3.85-3.85a1 1 0 0 0-.115-.1zM12 6.5a5.5 5.5 0 1 1-11 0 5.5 5.5 0 0 1 11 0"
        />
      </svg>
    </div>
  </div>
</header>
`;
